// Vitest Snapshot v1, https://vitest.dev/guide/snapshot.html

exports[`FretboardService > generateFingeringPositions > should generate a consistent set of fingering positions for E Natural Minor 1`] = `
[
  [
    {
      "finger": "0",
      "key": "0_0",
    },
    {
      "finger": "3",
      "key": "0_2",
    },
    {
      "finger": "4",
      "key": "0_3",
    },
    {
      "finger": "0",
      "key": "1_0",
    },
    {
      "finger": "2",
      "key": "1_1",
    },
    {
      "finger": "4",
      "key": "1_3",
    },
    {
      "finger": "0",
      "key": "2_0",
    },
    {
      "finger": "3",
      "key": "2_2",
    },
    {
      "finger": "5",
      "key": "2_4",
    },
    {
      "finger": "0",
      "key": "3_0",
    },
    {
      "finger": "3",
      "key": "3_2",
    },
    {
      "finger": "5",
      "key": "3_4",
    },
    {
      "finger": "0",
      "key": "4_0",
    },
    {
      "finger": "3",
      "key": "4_2",
    },
    {
      "finger": "4",
      "key": "4_3",
    },
    {
      "finger": "0",
      "key": "5_0",
    },
    {
      "finger": "3",
      "key": "5_2",
    },
    {
      "finger": "4",
      "key": "5_3",
    },
    {
      "finger": "0",
      "key": "6_0",
    },
    {
      "finger": "2",
      "key": "6_1",
    },
    {
      "finger": "4",
      "key": "6_3",
    },
  ],
  [
    {
      "finger": "2",
      "key": "0_2",
    },
    {
      "finger": "3",
      "key": "0_3",
    },
    {
      "finger": "5",
      "key": "0_5",
    },
    {
      "finger": "1",
      "key": "1_1",
    },
    {
      "finger": "3",
      "key": "1_3",
    },
    {
      "finger": "5",
      "key": "1_5",
    },
    {
      "finger": "2",
      "key": "2_2",
    },
    {
      "finger": "4",
      "key": "2_4",
    },
    {
      "finger": "5",
      "key": "2_5",
    },
    {
      "finger": "2",
      "key": "3_2",
    },
    {
      "finger": "4",
      "key": "3_4",
    },
    {
      "finger": "5",
      "key": "3_5",
    },
    {
      "finger": "2",
      "key": "4_2",
    },
    {
      "finger": "3",
      "key": "4_3",
    },
    {
      "finger": "5",
      "key": "4_5",
    },
    {
      "finger": "2",
      "key": "5_2",
    },
    {
      "finger": "3",
      "key": "5_3",
    },
    {
      "finger": "5",
      "key": "5_5",
    },
    {
      "finger": "1",
      "key": "6_1",
    },
    {
      "finger": "3",
      "key": "6_3",
    },
    {
      "finger": "5",
      "key": "6_5",
    },
  ],
  [
    {
      "finger": "1",
      "key": "0_3",
    },
    {
      "finger": "3",
      "key": "0_5",
    },
    {
      "finger": "5",
      "key": "0_7",
    },
    {
      "finger": "1",
      "key": "1_3",
    },
    {
      "finger": "3",
      "key": "1_5",
    },
    {
      "finger": "5",
      "key": "1_7",
    },
    {
      "finger": "2",
      "key": "2_4",
    },
    {
      "finger": "3",
      "key": "2_5",
    },
    {
      "finger": "5",
      "key": "2_7",
    },
    {
      "finger": "2",
      "key": "3_4",
    },
    {
      "finger": "3",
      "key": "3_5",
    },
    {
      "finger": "5",
      "key": "3_7",
    },
    {
      "finger": "1",
      "key": "4_3",
    },
    {
      "finger": "3",
      "key": "4_5",
    },
    {
      "finger": "5",
      "key": "4_7",
    },
    {
      "finger": "1",
      "key": "5_3",
    },
    {
      "finger": "3",
      "key": "5_5",
    },
    {
      "finger": "5",
      "key": "5_7",
    },
    {
      "finger": "1",
      "key": "6_3",
    },
    {
      "finger": "3",
      "key": "6_5",
    },
    {
      "finger": "5",
      "key": "6_7",
    },
  ],
  [
    {
      "finger": "1",
      "key": "0_5",
    },
    {
      "finger": "3",
      "key": "0_7",
    },
    {
      "finger": "4",
      "key": "0_8",
    },
    {
      "finger": "1",
      "key": "1_5",
    },
    {
      "finger": "3",
      "key": "1_7",
    },
    {
      "finger": "4",
      "key": "1_8",
    },
    {
      "finger": "1",
      "key": "2_5",
    },
    {
      "finger": "3",
      "key": "2_7",
    },
    {
      "finger": "5",
      "key": "2_9",
    },
    {
      "finger": "1",
      "key": "3_5",
    },
    {
      "finger": "3",
      "key": "3_7",
    },
    {
      "finger": "5",
      "key": "3_9",
    },
    {
      "finger": "1",
      "key": "4_5",
    },
    {
      "finger": "3",
      "key": "4_7",
    },
    {
      "finger": "5",
      "key": "4_9",
    },
    {
      "finger": "1",
      "key": "5_5",
    },
    {
      "finger": "3",
      "key": "5_7",
    },
    {
      "finger": "4",
      "key": "5_8",
    },
    {
      "finger": "1",
      "key": "6_5",
    },
    {
      "finger": "3",
      "key": "6_7",
    },
    {
      "finger": "4",
      "key": "6_8",
    },
  ],
  [
    {
      "finger": "1",
      "key": "0_7",
    },
    {
      "finger": "2",
      "key": "0_8",
    },
    {
      "finger": "4",
      "key": "0_10",
    },
    {
      "finger": "1",
      "key": "1_7",
    },
    {
      "finger": "2",
      "key": "1_8",
    },
    {
      "finger": "4",
      "key": "1_10",
    },
    {
      "finger": "1",
      "key": "2_7",
    },
    {
      "finger": "3",
      "key": "2_9",
    },
    {
      "finger": "5",
      "key": "2_11",
    },
    {
      "finger": "1",
      "key": "3_7",
    },
    {
      "finger": "3",
      "key": "3_9",
    },
    {
      "finger": "4",
      "key": "3_10",
    },
    {
      "finger": "1",
      "key": "4_7",
    },
    {
      "finger": "3",
      "key": "4_9",
    },
    {
      "finger": "4",
      "key": "4_10",
    },
    {
      "finger": "1",
      "key": "5_7",
    },
    {
      "finger": "2",
      "key": "5_8",
    },
    {
      "finger": "4",
      "key": "5_10",
    },
    {
      "finger": "1",
      "key": "6_7",
    },
    {
      "finger": "2",
      "key": "6_8",
    },
    {
      "finger": "4",
      "key": "6_10",
    },
  ],
  [
    {
      "finger": "1",
      "key": "0_8",
    },
    {
      "finger": "3",
      "key": "0_10",
    },
    {
      "finger": "5",
      "key": "0_12",
    },
    {
      "finger": "1",
      "key": "1_8",
    },
    {
      "finger": "3",
      "key": "1_10",
    },
    {
      "finger": "5",
      "key": "1_12",
    },
    {
      "finger": "2",
      "key": "2_9",
    },
    {
      "finger": "4",
      "key": "2_11",
    },
    {
      "finger": "5",
      "key": "2_12",
    },
    {
      "finger": "2",
      "key": "3_9",
    },
    {
      "finger": "3",
      "key": "3_10",
    },
    {
      "finger": "5",
      "key": "3_12",
    },
    {
      "finger": "2",
      "key": "4_9",
    },
    {
      "finger": "3",
      "key": "4_10",
    },
    {
      "finger": "5",
      "key": "4_12",
    },
    {
      "finger": "1",
      "key": "5_8",
    },
    {
      "finger": "3",
      "key": "5_10",
    },
    {
      "finger": "5",
      "key": "5_12",
    },
    {
      "finger": "1",
      "key": "6_8",
    },
    {
      "finger": "3",
      "key": "6_10",
    },
    {
      "finger": "5",
      "key": "6_12",
    },
  ],
  [
    {
      "finger": "1",
      "key": "0_10",
    },
    {
      "finger": "3",
      "key": "0_12",
    },
    {
      "finger": "5",
      "key": "0_14",
    },
    {
      "finger": "1",
      "key": "1_10",
    },
    {
      "finger": "3",
      "key": "1_12",
    },
    {
      "finger": "4",
      "key": "1_13",
    },
    {
      "finger": "2",
      "key": "2_11",
    },
    {
      "finger": "3",
      "key": "2_12",
    },
    {
      "finger": "5",
      "key": "2_14",
    },
    {
      "finger": "1",
      "key": "3_10",
    },
    {
      "finger": "3",
      "key": "3_12",
    },
    {
      "finger": "5",
      "key": "3_14",
    },
    {
      "finger": "1",
      "key": "4_10",
    },
    {
      "finger": "3",
      "key": "4_12",
    },
    {
      "finger": "5",
      "key": "4_14",
    },
    {
      "finger": "1",
      "key": "5_10",
    },
    {
      "finger": "3",
      "key": "5_12",
    },
    {
      "finger": "5",
      "key": "5_14",
    },
    {
      "finger": "1",
      "key": "6_10",
    },
    {
      "finger": "3",
      "key": "6_12",
    },
    {
      "finger": "4",
      "key": "6_13",
    },
  ],
]
`;
